../Core/Src/main.c:42:6:HAL_TIM_PeriodElapsedCallback	16	static
../Core/Src/main.c:77:5:main	16	static
../Core/Src/main.c:164:6:HAL_UART_RxCpltCallback	16	static
../Core/Src/main.c:178:6:SystemClock_Config	88	static
../Core/Src/main.c:225:13:MX_ADC1_Init	24	static
../Core/Src/main.c:272:13:MX_TIM1_Init	96	static
../Core/Src/main.c:347:13:MX_TIM2_Init	32	static
../Core/Src/main.c:393:13:MX_TIM3_Init	32	static
../Core/Src/main.c:444:13:MX_USART1_UART_Init	8	static
../Core/Src/main.c:477:13:MX_GPIO_Init	40	static
../Core/Src/main.c:532:6:Error_Handler	4	static,ignoring_inline_asm
