../Core/Src/main.c:37:6:HAL_TIM_PeriodElapsedCallback	16	static
../Core/Src/main.c:71:5:main	160	static
../Core/Src/main.c:177:6:SystemClock_Config	88	static
../Core/Src/main.c:224:13:MX_ADC1_Init	24	static
../Core/Src/main.c:271:13:MX_TIM1_Init	96	static
../Core/Src/main.c:346:13:MX_TIM2_Init	32	static
../Core/Src/main.c:392:13:MX_TIM3_Init	32	static
../Core/Src/main.c:443:13:MX_USART1_UART_Init	8	static
../Core/Src/main.c:476:13:MX_GPIO_Init	40	static
../Core/Src/main.c:531:6:Error_Handler	4	static,ignoring_inline_asm
